reference:293:C:T
reference:461:A:G
reference:506:G:C
reference:641:A:G
reference:674:A:T
reference:744:A:G
reference:1048:C:G
reference:1120:G:C
reference:1223:G:C
reference:1330:G:T
reference:1368:C:A
reference:1684:A:C
reference:1825:G:C
reference:2030:C:G
reference:2057:T:A
reference:2076:A:T
reference:2435:T:A
reference:2552:A:G
reference:2583:C:T
reference:2887:C:A
reference:2953:A:T
reference:3326:G:C
reference:4265:G:C
reference:4382:A:C
reference:4562:G:A
reference:4588:C:A
reference:4929:C:G
