reference:190:A:G
reference:488:T:G
reference:514:G:C
reference:619:G:C
reference:839:C:G
reference:1184:A:G
reference:1304:C:T
reference:1325:G:T
reference:1392:C:T
reference:1640:C:A
reference:2016:G:A
reference:2083:A:T
reference:2140:A:T
reference:3642:A:G
reference:3676:A:C
reference:3709:G:T
reference:3846:T:A
reference:4245:G:A
reference:4491:T:C
reference:4539:T:A
reference:4585:T:C
reference:4975:T:C
reference:5061:G:A
