reference:619:G:C
reference:839:C:G
reference:1184:A:G
reference:1347:C:A
reference:1984:G:T
reference:3263:A:G
reference:3337:C:G
reference:3522:G:A
reference:3642:A:G
reference:3762:A:G
reference:3846:T:A
reference:4036:T:A
reference:4245:G:A
